// Jest Snapshot v1, https://goo.gl/fbAQLP

exports[`<Header /> should mount properly 1`] = `
<header
  className="header bg-secondary color-primary text-center"
>
  <h1
    className="my-0"
  >
    <a
      className="header__logo"
      href="http://www.luizalabs.com/"
      target="_blank"
    >
      LuizaLabs
      <img
        alt="Luiza Labs"
        className="header__logo-image full-width"
        src="test-file-stub"
        title="Luiza Labs"
      />
    </a>
  </h1>
</header>
`;
